// Jest Snapshot v1, https://goo.gl/fbAQLP

exports[`Authorize with params works with emit mode: auth url 1`] = `
"https://accounts.spotify.com/authorize?response_type=code&show_dialog=true&state=ou8n1fu8n1&client_id=cid&redirect_uri=http%3A%2F%2Flocalhost%3A1000&scope=user-do-nothing+user-balabla
"
`;

exports[`Authorize with params works with emit mode: spotify request 1`] = `
Object {
  "headers": Object {
    "Authorization": "Basic Y2lkOmNz",
    "Content-type": "application/x-www-form-urlencoded",
  },
  "hostname": "accounts.spotify.com",
  "method": "POST",
  "path": "/api/token",
}
`;

exports[`Authorize with params works with emit mode: write data 1`] = `
Array [
  "out/token/",
  "mytoken",
  Object {
    "access_token": "BQC2fMYf9",
    "date_obtained": "Sat, 20 Apr 1996 22:00:00 GMT",
    "expires_in": 3600,
    "refresh_token": "OFuVRQAzVzq0Wy_Py_W4KiMr8H0",
    "scope": "user-library-read user-top-read",
    "token_type": "Bearer",
  },
]
`;

exports[`Authorize with process.argv fails with missing args 1`] = `
[Error: 
spotify-auth-token

- A command line utility for generating Spotify refresh tokens.

For docs & help, visit https://github.com/eegli/spotify-auth-token.
    ]
`;
